# serializer version: 1
# name: test_concept_filters[-concept_filters2]
  SearchResponse(hits=1, total_family_hits=1, query_time_ms=0, total_time_ms=0, continuation_token=None, this_continuation_token='', prev_continuation_token=None, families=[SearchResponseFamily(family_slug='national-environment-policy-of-guinea_f0df', family_name='National Environment Policy of Guinea', family_description='This document notably 1) sets adaptation to climate change as a prominent goal, 2) promotes research in areas related to climate change, biological diversity and the fight against desertification, particularly in sectors related to agrofuels, non-wood forest products and forestry, and 3) promotes measures towards soil restoration and carbon sequestration.', family_category='Executive', family_date='2011-08-01T00:00:00+00:00', family_last_updated_date='2011-08-01T00:00:00+00:00', family_source='CCLW', corpus_import_id='CCLW.corpus.1.0', corpus_type_name='UNFCCC Submissions', family_geographies=['GIN'], family_metadata={'sector': ['Price', 'Government']}, family_title_match=False, family_description_match=False, total_passage_hits=1, family_documents=[SearchResponseFamilyDocument(document_title='doc name', document_slug='national-environment-policy-of-guinea_86dc', document_type='Executive', document_source_url='https://earthguinea.org/wp-content/uploads/2017/09/politique-nationale-de-l-environnement-2011-nov-2012.pdf', document_url='https://cdn.climatepolicyradar.org/navigator/GIN/2011/national-environment-policy-of-guinea_00ce569611f01abe4f7e06f40558ada8.pdf', document_content_type='application/pdf', document_passage_matches=[SearchResponseDocumentPassage(text='The involvement of local populations has led to the establishment of more than 300 forest groups in village forests over 10,000 ha and in 6 classified forests over 97,000 ha (MAEF, 2006). In addition, 185 forests in the domain of decentralized communities and totaling 38,500 ha have been classified with the assistance of the forestry administration.', text_block_id='p_60_b_6', text_block_page=61, text_block_coords=[(51.79242706298828, 318.3060302734375), (537.0337524414062, 318.3060302734375), (537.0337524414062, 393.34649658203125), (51.79242706298828, 393.34649658203125)], concepts=[Concept(id='0', name='sectors', parent_concepts=[{'name': 'Q0', 'id': '0'}, {'name': 'Q1', 'id': '1'}], parent_concept_ids_flat='Q0,Q1,', model='sectors_1', end=12, start=6, timestamp=datetime.datetime(2021, 6, 1, 0, 0, tzinfo=TzInfo(UTC)))])])], continuation_token=None, prev_continuation_token=None)])
# ---
# name: test_concept_filters[the-concept_filters0]
  SearchResponse(hits=2, total_family_hits=2, query_time_ms=0, total_time_ms=0, continuation_token=None, this_continuation_token='', prev_continuation_token=None, families=[SearchResponseFamily(family_slug='agriculture-sector-plan-2015-2019_7999', family_name='Agriculture Sector Plan 2015-2019', family_description="<br>&nbsp;<br>&nbsp;<br>&nbsp;<br>&nbsp;The Agriculture Sector Plan aims at improving food and nutritional security, develop sustainable food production and management systems, support sustainable economic growth and improve the balance of trade, strengthen natural resource management, and improve the capacity-building of stakeholders and agricultural staff. The document discusses climate change impacts and the solutions the country must implement to secure its agriculture's resilience.<br>&nbsp;<br>&nbsp;<br>&nbsp;<br><br>", family_category='Executive', family_date='2015-12-25T00:00:00+00:00', family_last_updated_date='2015-12-25T00:00:00+00:00', family_source='CCLW', corpus_import_id='CCLW.corpus.2.0', corpus_type_name='Laws and Policies', family_geographies=['NIU'], family_metadata={'topic': ['Mitigation', 'Misc'], 'sector': ['Price', 'Government'], 'keyword': ['Institutions', 'Disaster Risk Management'], 'instrument': ['Capacity building']}, family_title_match=False, family_description_match=False, total_passage_hits=1, family_documents=[SearchResponseFamilyDocument(document_title='doc name', document_slug='agriculture-sector-plan-2015-2019_16c6', document_type='Executive', document_source_url='http://www.lse.ac.uk/GranthamInstitute/wp-content/uploads/2018/04/Niue-Agriculture-Sector-Plan-2015-19.pdf', document_url='https://cdn.climatepolicyradar.org/navigator/NIU/2015/agriculture-sector-plan-2015-2019_b38dcb601d6f08bbd56f08e815256f56.pdf', document_content_type='application/pdf', document_passage_matches=[SearchResponseDocumentPassage(text='Niue imports ten times more than it exports; the import value averages NZD 4.3 million/annum and the export value averages NZD 0.27 million/annum which are often imported food. Private sector subsistence activity accounted for approximately one quarter of gross domestic product (GDP) in 2009 and subsistence agriculture and fishing remain important. The major agricultural export commodity is taro, targeting the niche markets which are mainly Niueans Citizens living in New Zealand and Australia. Other agricultural commodities exported include small amounts of honey, noni and vanilla. Niue face many challenges to meet export requirements ranging from volume to meet demand, transportation, sanitary and phytosanitary and food safety requirements and accessing export markets.', text_block_id='p_20_b_0', text_block_page=21, text_block_coords=[(55.0, 520.0), (290.0, 520.0), (290.0, 686.0), (55.0, 686.0)], concepts=[Concept(id='2', name='environment', parent_concepts=[{'name': 'Q2', 'id': '2'}, {'name': 'Q3', 'id': '3'}], parent_concept_ids_flat='Q2,Q3,', model='sectors_1', end=10, start=8, timestamp=datetime.datetime(2021, 6, 1, 0, 0, tzinfo=TzInfo(UTC)))])])], continuation_token=None, prev_continuation_token=None)])
# ---
# name: test_concept_filters[the-concept_filters1]
  SearchResponse(hits=1, total_family_hits=1, query_time_ms=0, total_time_ms=0, continuation_token=None, this_continuation_token='', prev_continuation_token=None, families=[SearchResponseFamily(family_slug='national-environment-policy-of-guinea_f0df', family_name='National Environment Policy of Guinea', family_description='This document notably 1) sets adaptation to climate change as a prominent goal, 2) promotes research in areas related to climate change, biological diversity and the fight against desertification, particularly in sectors related to agrofuels, non-wood forest products and forestry, and 3) promotes measures towards soil restoration and carbon sequestration.', family_category='Executive', family_date='2011-08-01T00:00:00+00:00', family_last_updated_date='2011-08-01T00:00:00+00:00', family_source='CCLW', corpus_import_id='CCLW.corpus.1.0', corpus_type_name='UNFCCC Submissions', family_geographies=['GIN'], family_metadata={'sector': ['Price', 'Government']}, family_title_match=False, family_description_match=False, total_passage_hits=1, family_documents=[SearchResponseFamilyDocument(document_title='doc name', document_slug='national-environment-policy-of-guinea_86dc', document_type='Executive', document_source_url='https://earthguinea.org/wp-content/uploads/2017/09/politique-nationale-de-l-environnement-2011-nov-2012.pdf', document_url='https://cdn.climatepolicyradar.org/navigator/GIN/2011/national-environment-policy-of-guinea_00ce569611f01abe4f7e06f40558ada8.pdf', document_content_type='application/pdf', document_passage_matches=[SearchResponseDocumentPassage(text='The involvement of local populations has led to the establishment of more than 300 forest groups in village forests over 10,000 ha and in 6 classified forests over 97,000 ha (MAEF, 2006). In addition, 185 forests in the domain of decentralized communities and totaling 38,500 ha have been classified with the assistance of the forestry administration.', text_block_id='p_60_b_6', text_block_page=61, text_block_coords=[(51.79242706298828, 318.3060302734375), (537.0337524414062, 318.3060302734375), (537.0337524414062, 393.34649658203125), (51.79242706298828, 393.34649658203125)], concepts=[Concept(id='0', name='sectors', parent_concepts=[{'name': 'Q0', 'id': '0'}, {'name': 'Q1', 'id': '1'}], parent_concept_ids_flat='Q0,Q1,', model='sectors_1', end=12, start=6, timestamp=datetime.datetime(2021, 6, 1, 0, 0, tzinfo=TzInfo(UTC)))])])], continuation_token=None, prev_continuation_token=None)])
# ---
